1791444370.009 gles size=720x1280 sinks=0 loops=8 new=3 stale=5 ageAvg=151.29 ageMax=231.37 drawAvg=0.00
1791444372.013 gles size=720x1280 sinks=0 loops=8 new=0 stale=8 ageAvg=0.00 ageMax=0.00 drawAvg=0.00
1791444372.227 begin tm display=720x1280
1791444372.266 noframe requests=1
1791444372.267 noframe requests=1
1791444372.267 noframe requests=1
1791444372.268 noframe requests=1
1791444372.268 noframe requests=1
1791444372.268 noframe requests=1
1791444372.268 noframe requests=1
1791444372.268 noframe requests=1
1791444372.269 noframe requests=1
1791444372.269 noframe requests=1
1791444372.269 noframe requests=1
1791444372.269 noframe requests=1
1791444372.269 noframe requests=1
1791444372.270 noframe requests=1
1791444372.270 noframe requests=1
1791444372.270 noframe requests=1
1791444372.270 noframe requests=1
1791444372.270 noframe requests=1
1791444372.270 noframe requests=1
1791444372.271 noframe requests=1
1791444372.271 noframe requests=1
1791444372.271 noframe requests=1
1791444372.271 noframe requests=1
1791444372.271 noframe requests=1
1791444372.271 noframe requests=1
1791444372.272 noframe requests=1
1791444372.272 noframe requests=1
1791444372.272 noframe requests=1
1791444372.272 noframe requests=1
1791444372.272 noframe requests=1
1791444372.272 noframe requests=1
1791444372.274 firstframe frame=720x1280
1791444372.294 tm frame=720x1280 tpl=64x64 target=360x320 gray=0 snap=3.91 pre=0.01 mt=17.28 age=221725147.7
1791444372.309 tm frame=720x1280 tpl=64x64 target=360x320 gray=0 snap=1.21 pre=0.00 mt=12.74 age=1.0
1791444372.323 tm frame=720x1280 tpl=64x64 target=360x320 gray=0 snap=1.20 pre=0.00 mt=12.36 age=4.5
1791444372.337 tm frame=720x1280 tpl=64x64 target=360x320 gray=0 snap=1.23 pre=0.01 mt=12.66 age=7.7
1791444372.370 tm frame=720x1280 tpl=32x32 target=360x640 gray=0 snap=1.69 pre=1.02 mt=30.13 age=11.3
1791444372.402 tm frame=720x1280 tpl=32x32 target=360x640 gray=0 snap=1.13 pre=0.80 mt=28.92 age=0.7
1791444372.434 tm frame=720x1280 tpl=32x32 target=360x640 gray=0 snap=1.23 pre=1.38 mt=29.16 age=9.8
1791444372.465 tm frame=720x1280 tpl=32x32 target=360x640 gray=0 snap=1.19 pre=0.65 mt=28.99 age=9.5
1791444372.497 tm frame=720x1280 tpl=32x32 target=360x640 gray=0 snap=1.13 pre=0.67 mt=29.58 age=8.4
1791444372.614 tm frame=720x1280 tpl=128x128 target=720x1280 gray=0 snap=1.22 pre=0.01 mt=114.54 age=7.8
1791444372.728 tm frame=720x1280 tpl=128x128 target=720x1280 gray=0 snap=1.23 pre=0.01 mt=112.09 age=0.9
1791444372.848 tm frame=720x1280 tpl=128x128 target=720x1280 gray=0 snap=1.24 pre=0.01 mt=118.18 age=3.3
1791444372.969 tm frame=720x1280 tpl=128x128 target=720x1280 gray=0 snap=1.27 pre=0.01 mt=119.43 age=1.1
1791444373.092 tm frame=720x1280 tpl=128x128 target=720x1280 gray=0 snap=1.26 pre=0.01 mt=120.63 age=0.7
1791444373.129 tm frame=720x1280 tpl=128x128 target=720x1280 gray=1 snap=2.12 pre=0.51 mt=33.99 age=10.6
1791444373.166 tm frame=720x1280 tpl=128x128 target=720x1280 gray=1 snap=1.27 pre=0.35 mt=34.10 age=3.3
1791444373.202 tm frame=720x1280 tpl=128x128 target=720x1280 gray=1 snap=1.30 pre=0.28 mt=34.34 age=4.4
1791444373.238 tm frame=720x1280 tpl=128x128 target=720x1280 gray=1 snap=1.33 pre=0.35 mt=33.06 age=7.5
1791444373.274 tm frame=720x1280 tpl=128x128 target=720x1280 gray=1 snap=1.30 pre=0.36 mt=33.71 age=8.4
1791444373.290 tm frame=720x1280 tpl=128x128 target=360x320 gray=0 snap=1.36 pre=0.01 mt=14.57 age=11.0
1791444373.307 tm frame=720x1280 tpl=128x128 target=360x320 gray=0 snap=1.39 pre=0.01 mt=14.15 age=4.1
1791444373.323 tm frame=720x1280 tpl=128x128 target=360x320 gray=0 snap=1.39 pre=0.01 mt=14.24 age=6.5
1791444373.339 tm frame=720x1280 tpl=128x128 target=360x320 gray=0 snap=1.42 pre=0.01 mt=14.48 age=4.0
1791444373.355 tm frame=720x1280 tpl=128x128 target=360x320 gray=0 snap=1.36 pre=0.01 mt=13.80 age=7.8
1791444373.387 tm frame=720x1280 tpl=64x64 target=360x640 gray=0 snap=1.32 pre=0.70 mt=28.72 age=3.0
1791444373.417 tm frame=720x1280 tpl=64x64 target=360x640 gray=0 snap=1.25 pre=0.68 mt=28.20 age=1.5
1791444373.448 tm frame=720x1280 tpl=64x64 target=360x640 gray=0 snap=1.28 pre=0.75 mt=28.34 age=10.9
1791444373.479 tm frame=720x1280 tpl=64x64 target=360x640 gray=0 snap=1.28 pre=0.82 mt=28.38 age=8.1
1791444373.511 tm frame=720x1280 tpl=64x64 target=360x640 gray=0 snap=1.31 pre=0.70 mt=28.65 age=7.2
1791444373.595 copy frame=720x1280 copyMs=0.30
1791444373.644 tm frame=720x1280 tpl=256x256 target=720x1280 gray=0 snap=1.26 pre=0.01 mt=130.22 age=4.3
1791444373.775 tm frame=720x1280 tpl=256x256 target=720x1280 gray=0 snap=1.44 pre=0.01 mt=129.16 age=3.3
1791444373.906 tm frame=720x1280 tpl=256x256 target=720x1280 gray=0 snap=1.37 pre=0.01 mt=129.26 age=0.4
1791444374.020 gles size=720x1280 sinks=1 loops=159 new=0 stale=159 ageAvg=0.00 ageMax=0.00 drawAvg=0.91
1791444374.037 tm frame=720x1280 tpl=256x256 target=720x1280 gray=0 snap=1.32 pre=0.00 mt=128.40 age=8.6
1791444374.166 tm frame=720x1280 tpl=256x256 target=720x1280 gray=0 snap=1.41 pre=0.01 mt=127.11 age=4.5
1791444374.204 tm frame=720x1280 tpl=256x256 target=720x1280 gray=1 snap=1.27 pre=0.43 mt=34.83 age=0.5
1791444374.241 tm frame=720x1280 tpl=256x256 target=720x1280 gray=1 snap=1.34 pre=0.36 mt=35.16 age=4.1
1791444374.279 tm frame=720x1280 tpl=256x256 target=720x1280 gray=1 snap=1.32 pre=0.50 mt=35.08 age=7.0
1791444374.316 tm frame=720x1280 tpl=256x256 target=720x1280 gray=1 snap=1.32 pre=0.38 mt=34.79 age=1.1
1791444374.354 tm frame=720x1280 tpl=256x256 target=720x1280 gray=1 snap=1.31 pre=0.46 mt=34.94 age=3.5
1791444374.370 tm frame=720x1280 tpl=256x256 target=360x320 gray=0 snap=1.31 pre=0.01 mt=14.18 age=6.3
1791444374.387 tm frame=720x1280 tpl=256x256 target=360x320 gray=0 snap=1.28 pre=0.01 mt=14.68 age=1.1
1791444374.403 tm frame=720x1280 tpl=256x256 target=360x320 gray=0 snap=1.31 pre=0.01 mt=14.90 age=5.5
1791444374.419 tm frame=720x1280 tpl=256x256 target=360x320 gray=0 snap=1.32 pre=0.01 mt=13.40 age=1.0
1791444374.434 tm frame=720x1280 tpl=256x256 target=360x320 gray=0 snap=1.36 pre=0.01 mt=13.47 age=3.8
1791444374.471 tm frame=720x1280 tpl=128x128 target=360x640 gray=0 snap=1.34 pre=1.38 mt=32.87 age=9.9
1791444374.504 tm frame=720x1280 tpl=128x128 target=360x640 gray=0 snap=1.33 pre=0.68 mt=29.91 age=2.5
1791444374.537 tm frame=720x1280 tpl=128x128 target=360x640 gray=0 snap=1.30 pre=0.70 mt=30.01 age=2.2
1791444374.569 tm frame=720x1280 tpl=128x128 target=360x640 gray=0 snap=1.27 pre=0.63 mt=29.60 age=1.2
1791444374.601 tm frame=720x1280 tpl=128x128 target=360x640 gray=0 snap=1.31 pre=0.97 mt=29.73 age=11.0
